
> frontend@0.1.0 build
> next build

Γû▓ Next.js 16.2.2 (Turbopack)

  Creating an optimized production build ...
node.exe : 
At line:1 char:1
+ & "C:\Program Files\nodejs/node.exe" "C:\Program 
Files\nodejs/node_mo ...
+ ~~~~~~~~~~~~~~~~~~~~~~~~~~~~~~~~~~~~~~~~~~~~~~~~~~~~~
~~~~~~~~~~~~~~~~
    + CategoryInfo          : NotSpecified: (:String)  
   [], RemoteException
    + FullyQualifiedErrorId : NativeCommandError
 
> Build error occurred
Error: Turbopack build failed with 2 errors:
./src/app/accounting/ledger/page.tsx:7:1
Module not found: Can't resolve '@/components/ui/badge'
  [90m 5 |[0m [36mimport[0m { [33mTable[0m, 
[33mTableBody[0m, [33mTableCell[0m, 
[33mTableHead[0m, [33mTableHeader[0m, 
[33mTableRow[0m } [36mfrom[0m 
[32m"@/component...[0m
  [90m 6 |[0m [36mimport[0m { [33mButton[0m } 
[36mfrom[0m [32m"@/components/ui/button"[0m;
[31m[1m>[0m [90m 7 |[0m [36mimport[0m { 
[33mBadge[0m } [36mfrom[0m 
[32m"@/components/ui/badge"[0m;
  [90m   |[0m [31m[1m^^^^^^^^^^^^^^^^^^^^^^^^^^^^^^
^^^^^^^^^^^^^^^^[0m
  [90m 8 |[0m [36mimport[0m { 
  [90m 9 |[0m   [33mBookOpen[0m, 
[33mLandmark[0m, [33mFilter[0m, [33mDownload[0m, 
  [90m10 |[0m   [33mRefreshCcw[0m, 
[33mArrowRightLeft[0m, [33mCreditCard[0m, 
[33mBanknote[0m,

Import map: aliased to relative 
'./src/components/ui/badge' inside of [project]/


Import traces:
  Client Component Browser:
    ./src/app/accounting/ledger/page.tsx [Client 
Component Browser]
    ./src/app/accounting/ledger/page.tsx [Server 
Component]

  Client Component SSR:
    ./src/app/accounting/ledger/page.tsx [Client 
Component SSR]
    ./src/app/accounting/ledger/page.tsx [Server 
Component]

https://nextjs.org/docs/messages/module-not-found


./src/app/dashboard/executive/page.tsx:6:1
Module not found: Can't resolve '@/components/ui/badge'
  [90m4 |[0m [36mimport[0m { [33mCard[0m, 
[33mCardContent[0m, [33mCardHeader[0m, 
[33mCardTitle[0m, [33mCardDescription[0m } 
[36mfrom[0m [32m"@/components/ui/...[0m
  [90m5 |[0m [36mimport[0m { [33mTable[0m, 
[33mTableBody[0m, [33mTableCell[0m, 
[33mTableHead[0m, [33mTableHeader[0m, 
[33mTableRow[0m } [36mfrom[0m 
[32m"@/components...[0m
[31m[1m>[0m [90m6 |[0m [36mimport[0m { 
[33mBadge[0m } [36mfrom[0m 
[32m"@/components/ui/badge"[0m;
  [90m  |[0m [31m[1m^^^^^^^^^^^^^^^^^^^^^^^^^^^^^^^
^^^^^^^^^^^^^^^[0m
  [90m7 |[0m [36mimport[0m { [33mButton[0m } 
[36mfrom[0m [32m"@/components/ui/button"[0m;
  [90m8 |[0m [36mimport[0m { 
  [90m9 |[0m   [33mTrendingUp[0m, 
[33mTrendingDown[0m, [33mLandmark[0m, 
[33mShieldCheck[0m,

Import map: aliased to relative 
'./src/components/ui/badge' inside of [project]/


Import traces:
  Client Component Browser:
    ./src/app/dashboard/executive/page.tsx [Client 
Component Browser]
    ./src/app/dashboard/executive/page.tsx [Server 
Component]

  Client Component SSR:
    ./src/app/dashboard/executive/page.tsx [Client 
Component SSR]
    ./src/app/dashboard/executive/page.tsx [Server 
Component]

https://nextjs.org/docs/messages/module-not-found


    at <unknown> 
(./src/app/accounting/ledger/page.tsx:7:1)
    at <unknown> 
(https://nextjs.org/docs/messages/module-not-found)
    at <unknown> 
(./src/app/dashboard/executive/page.tsx:6:1)
    at <unknown> 
(https://nextjs.org/docs/messages/module-not-found)
